[
    {
        "name": "New Year's Day",
        "date": "2024-01-01"
    },
    {
        "name": "National Day",
        "date": "2024-02-25"
    },
    {
        "name": "Liberation Day",
        "date": "2024-02-26"
    }
]
